 winvfx16

 Timestamp is 41d8ed08 (Sun Jan 02 22:58:16 2005)

 Preferred load address is 10000000

 Start         Length     Name                   Class
 0001:00000000 0000cf26H .text                   CODE
 0002:00000000 000000c4H .idata$5                DATA
 0002:000000c8 000003fbH .rdata                  DATA
 0002:000004c4 00000028H .idata$2                DATA
 0002:000004ec 00000014H .idata$3                DATA
 0002:00000500 000000c4H .idata$4                DATA
 0002:000005c4 00000380H .idata$6                DATA
 0002:00000950 00000a36H .edata                  DATA
 0003:00000000 00000004H .CRT$XCA                DATA
 0003:00000004 00000004H .CRT$XCZ                DATA
 0003:00000008 00000004H .CRT$XIA                DATA
 0003:0000000c 00000004H .CRT$XIC                DATA
 0003:00000010 00000004H .CRT$XIZ                DATA
 0003:00000014 00000004H .CRT$XPA                DATA
 0003:00000018 00000004H .CRT$XPZ                DATA
 0003:0000001c 00000004H .CRT$XTA                DATA
 0003:00000020 00000004H .CRT$XTZ                DATA
 0003:00000030 0001bfdcH .data                   DATA
 0003:0001c010 000011d4H .bss                    DATA

  Address         Publics by Value              Rva+Base     Lib:Object

 0001:00000000       _DllMain@12                10001000 f   winvfxhc.obj
 0001:00000050       _VFX_set_display_mode@20   10001050 f   winvfxhc.obj
 0001:000002a0       _VFX_lock_window_surface@8 100012a0 f   winvfxhc.obj
 0001:000002f0       _VFX_unlock_window_surface@8 100012f0 f   winvfxhc.obj
 0001:00000330       _VFX_set_palette_entry@12  10001330 f   winvfxhc.obj
 0001:000003a0       _VFX_get_palette_entry@8   100013a0 f   winvfxhc.obj
 0001:000003b0       _VFX_set_palette_range@16  100013b0 f   winvfxhc.obj
 0001:00000450       _VFX_get_palette_range@12  10001450 f   winvfxhc.obj
 0001:00000460       _VFX_pixel_value@4         10001460 f   winvfxhc.obj
 0001:000004b0       _VFX_triplet_value@12      100014b0 f   winvfxhc.obj
 0001:00000500       _VFX_RGB_value@4           10001500 f   winvfxhc.obj
 0001:00000570       _VFX_color_to_RGB@4        10001570 f   winvfxhc.obj
 0001:000005f0       _VFX_window_construct@8    100015f0 f   winvfxhc.obj
 0001:000006c0       _VFX_window_destroy@4      100016c0 f   winvfxhc.obj
 0001:000006f0       _VFX_assign_window_buffer@12 100016f0 f   winvfxhc.obj
 0001:000007d0       _VFX_pane_construct@20     100017d0 f   winvfxhc.obj
 0001:00000870       _VFX_pane_destroy@4        10001870 f   winvfxhc.obj
 0001:00000880       _VFX_pane_list_construct@4 10001880 f   winvfxhc.obj
 0001:00000930       _VFX_pane_list_destroy@4   10001930 f   winvfxhc.obj
 0001:00000960       _VFX_pane_list_clear@4     10001960 f   winvfxhc.obj
 0001:00000990       _VFX_pane_list_add@8       10001990 f   winvfxhc.obj
 0001:000009c0       _VFX_pane_list_add_area@24 100019c0 f   winvfxhc.obj
 0001:00000b10       _VFX_pane_list_delete_entry@8 10001b10 f   winvfxhc.obj
 0001:00000c00       _VFX_pane_list_identify_point@12 10001c00 f   winvfxhc.obj
 0001:00000c60       _VFX_pane_list_get_entry@8 10001c60 f   winvfxhc.obj
 0001:00000c90       _VFX_pane_list_refresh@4   10001c90 f   winvfxhc.obj
 0001:00000d60       _VFX_pane_entry_user_value@8 10001d60 f   winvfxhc.obj
 0001:00000d80       _VFX_set_pane_entry_user_value@12 10001d80 f   winvfxhc.obj
 0001:00000db0       _VFX_stencil_size@8        10001db0 f   winvfxhc.obj
 0001:00000e80       _VFX_stencil_construct@12  10001e80 f   winvfxhc.obj
 0001:000010a0       _VFX_stencil_destroy@4     100020a0 f   winvfxhc.obj
 0001:000010b0       _VFX_pane_stretch@8        100020b0 f   winvfxhc.obj
 0001:00001210       _VFX_pane_locate@16        10002210 f   winvfxhc.obj
 0001:000012d0       _VFX_rectangle_draw@28     100022d0 f   winvfxhc.obj
 0001:000013b0       _VFX_rectangle_fill@28     100023b0 f   winvfxhc.obj
 0001:000013f0       _VFX_default_system_font@0 100023f0 f   winvfxhc.obj
 0001:00001400       _VFX_default_font_color_table@4 10002400 f   winvfxhc.obj
 0001:00001410       _VFX_pixel_write@16        10002410 f   winvfx16.obj
 0001:0000154a       _VFX_pixel_read@12         1000254a f   winvfx16.obj
 0001:00001641       _VFX_line_draw@28          10002641 f   winvfx16.obj
 0001:000021fe       _VFX_rectangle_hash@24     100031fe f   winvfx16.obj
 0001:0000238e       _VFX_shape_draw@20         1000338e f   winvfx16.obj
 0001:00002877       _DrawShapeUnclipped@16     10003877 f   winvfx16.obj
 0001:00002957       _VFX_shape_lookaside@4     10003957 f   winvfx16.obj
 0001:00002978       _VFX_shape_translate_draw@20 10003978 f   winvfx16.obj
 0001:00002e85       _XlatShapeUnclipped@16     10003e85 f   winvfx16.obj
 0001:00002f7d       _VFX_shape_transform@40    10003f7d f   winvfx16.obj
 0001:00003c20       _VFX_shape_area_translate@44 10004c20 f   winvfx16.obj
 0001:00004909       _VFX_shape_visible_rectangle@24 10005909 f   winvfx16.obj
 0001:00004a83       _VFX_shape_scan@20         10005a83 f   winvfx16.obj
 0001:00004a97       _VFX_shape_remap_colors@8  10005a97 f   winvfx16.obj
 0001:00004b2b       _VFX_pane_wipe@8           10005b2b f   winvfx16.obj
 0001:00004c61       _VFX_pane_copy@28          10005c61 f   winvfx16.obj
 0001:000050b6       _VFX_pane_scroll@20        100060b6 f   winvfx16.obj
 0001:000052a3       _VFX_ellipse_draw@24       100062a3 f   winvfx16.obj
 0001:00005665       _VFX_ellipse_fill@24       10006665 f   winvfx16.obj
 0001:0000681c       _VFX_Cos_Sin@12            1000781c f   winvfx16.obj
 0001:000068d6       _VFX_fixed_mul@12          100078d6 f   winvfx16.obj
 0001:000068fe       _VFX_point_transform@24    100078fe f   winvfx16.obj
 0001:000069c4       _VFX_font_height@4         100079c4 f   winvfx16.obj
 0001:000069d9       _VFX_character_width@8     100079d9 f   winvfx16.obj
 0001:000069fb       _VFX_character_draw@24     100079fb f   winvfx16.obj
 0001:00006be1       _VFX_string_draw@24        10007be1 f   winvfx16.obj
 0001:00006c19       _VFX_line_to_pane@16       10007c19 f   winvfx16.obj
 0001:00006d55       _find_ILBM_property@8      10007d55 f   winvfx16.obj
 0001:00006d99       _VFX_ILBM_draw@8           10007d99 f   winvfx16.obj
 0001:00006f85       _VFX_ILBM_palette@8        10007f85 f   winvfx16.obj
 0001:00006fb0       _VFX_ILBM_resolution@4     10007fb0 f   winvfx16.obj
 0001:00006fdc       _VFX_PCX_draw@12           10007fdc f   winvfx16.obj
 0001:0000708f       _VFX_PCX_palette@12        1000808f f   winvfx16.obj
 0001:000070b7       _VFX_PCX_resolution@4      100080b7 f   winvfx16.obj
 0001:000070e0       _GIF_init_codetable@0      100080e0 f   winvfx16.obj
 0001:00007128       _GIF_getb@0                10008128 f   winvfx16.obj
 0001:00007141       _GIF_getbcode@0            10008141 f   winvfx16.obj
 0001:00007187       _GIF_insertcode@0          10008187 f   winvfx16.obj
 0001:000071cd       _GIF_dopixel@0             100081cd f   winvfx16.obj
 0001:00007247       _VFX_GIF_draw@8            10008247 f   winvfx16.obj
 0001:00007497       _VFX_GIF_palette@8         10008497 f   winvfx16.obj
 0001:000074f0       _VFX_GIF_resolution@4      100084f0 f   winvfx16.obj
 0001:0000752a       _VFX_shape_bounds@8        1000852a f   winvfx16.obj
 0001:0000754e       _VFX_shape_origin@8        1000854e f   winvfx16.obj
 0001:00007573       _VFX_shape_resolution@8    10008573 f   winvfx16.obj
 0001:000075a9       _VFX_shape_minxy@8         100085a9 f   winvfx16.obj
 0001:000075d5       _VFX_shape_palette@12      100085d5 f   winvfx16.obj
 0001:0000762e       _VFX_shape_colors@12       1000862e f   winvfx16.obj
 0001:00007678       _VFX_shape_set_colors@12   10008678 f   winvfx16.obj
 0001:000076c4       _VFX_shape_count@4         100086c4 f   winvfx16.obj
 0001:000076d9       _VFX_shape_list@8          100086d9 f   winvfx16.obj
 0001:0000773d       _VFX_shape_palette_list@8  1000873d f   winvfx16.obj
 0001:000077a1       _VFX_color_scan@8          100087a1 f   winvfx16.obj
 0001:00007831       _VFX_flat_polygon@12       10008831 f   winvfx16.obj
 0001:00007c42       _VFX_Gouraud_polygon@12    10008c42 f   winvfx16.obj
 0001:00007c51       _VFX_dithered_Gouraud_polygon@16 10008c51 f   winvfx16.obj
 0001:00007c60       _VFX_translate_polygon@16  10008c60 f   winvfx16.obj
 0001:00008154       _VFX_illuminate_polygon@16 10009154 f   winvfx16.obj
 0001:00008163       _VFX_map_lookaside@4       10009163 f   winvfx16.obj
 0001:00008185       _VFX_map_polygon@20        10009185 f   winvfx16.obj
 0001:00008194       __CRT_INIT@12              10009194 f   libc:dllcrt0.obj
 0001:0000824c       __DllMainCRTStartup@12     1000924c f   libc:dllcrt0.obj
 0001:000082e9       __amsg_exit                100092e9 f   libc:dllcrt0.obj
 0001:0000831c       _free                      1000931c f   libc:free.obj
 0001:00008385       _malloc                    10009385 f   libc:malloc.obj
 0001:00008397       __nh_malloc                10009397 f   libc:malloc.obj
 0001:000083c3       __heap_alloc               100093c3 f   libc:malloc.obj
 0001:00008437       _calloc                    10009437 f   libc:calloc.obj
 0001:000084f0       _memmove                   100094f0 f   libc:memmove.obj
 0001:00008825       __fpmath                   10009825 f   libc:fpinit.obj
 0001:0000883c       __fpclear                  1000983c f   libc:fpinit.obj
 0001:0000883d       __cfltcvt_init             1000983d f   libc:fpinit.obj
 0001:00008875       __cinit                    10009875 f   libc:crt0dat.obj
 0001:000088a2       __exit                     100098a2 f   libc:crt0dat.obj
 0001:000088b3       __cexit                    100098b3 f   libc:crt0dat.obj
 0001:00008975       __GetLinkerVersion         10009975 f   libc:heapinit.obj
 0001:000089a2       ___heap_select             100099a2 f   libc:heapinit.obj
 0001:00008aea       __heap_init                10009aea f   libc:heapinit.obj
 0001:00008b47       __heap_term                10009b47 f   libc:heapinit.obj
 0001:00008bef       __ioinit                   10009bef f   libc:ioinit.obj
 0001:00008d9a       __ioterm                   10009d9a f   libc:ioinit.obj
 0001:00008dbd       __setenvp                  10009dbd f   libc:stdenvp.obj
 0001:00008e76       __setargv                  10009e76 f   libc:stdargv.obj
 0001:000090c3       ___crtGetEnvironmentStringsA 1000a0c3 f   libc:a_env.obj
 0001:000091f5       __FF_MSGBANNER             1000a1f5 f   libc:crt0msg.obj
 0001:0000922e       __NMSG_WRITE               1000a22e f   libc:crt0msg.obj
 0001:00009381       ___sbh_heap_init           1000a381 f   libc:sbheap.obj
 0001:000093c9       ___sbh_find_block          1000a3c9 f   libc:sbheap.obj
 0001:000093f4       ___sbh_free_block          1000a3f4 f   libc:sbheap.obj
 0001:0000971d       ___sbh_alloc_block         1000a71d f   libc:sbheap.obj
 0001:00009a26       ___sbh_alloc_new_region    1000aa26 f   libc:sbheap.obj
 0001:00009ad7       ___sbh_alloc_new_group     1000aad7 f   libc:sbheap.obj
 0001:00009bd2       ___old_sbh_new_region      1000abd2 f   libc:sbheap.obj
 0001:00009d16       ___old_sbh_release_region  1000ad16 f   libc:sbheap.obj
 0001:00009d6c       ___old_sbh_decommit_pages  1000ad6c f   libc:sbheap.obj
 0001:00009e2e       ___old_sbh_find_block      1000ae2e f   libc:sbheap.obj
 0001:00009e85       ___old_sbh_free_block      1000ae85 f   libc:sbheap.obj
 0001:00009eca       ___old_sbh_alloc_block     1000aeca f   libc:sbheap.obj
 0001:0000a0d2       ___old_sbh_alloc_block_from_page 1000b0d2 f   libc:sbheap.obj
 0001:0000a1f6       __callnewh                 1000b1f6 f   libc:handler.obj
 0001:0000a220       _memset                    1000b220 f   libc:memset.obj
 0001:0000a278       __setdefaultprecision      1000b278 f   libc:fp8.obj
 0001:0000a28a       __ms_p5_test_fdiv          1000b28a f   libc:testfdiv.obj
 0001:0000a2c8       __ms_p5_mp_test_fdiv       1000b2c8 f   libc:testfdiv.obj
 0001:0000a2f1       __forcdecpt                1000b2f1 f   libc:cvt.obj
 0001:0000a34b       __cropzeros                1000b34b f   libc:cvt.obj
 0001:0000a399       __positive                 1000b399 f   libc:cvt.obj
 0001:0000a3b1       __fassign                  1000b3b1 f   libc:cvt.obj
 0001:0000a3ef       __cftoe                    1000b3ef f   libc:cvt.obj
 0001:0000a4f3       __cftof                    1000b4f3 f   libc:cvt.obj
 0001:0000a5d1       __cftog                    1000b5d1 f   libc:cvt.obj
 0001:0000a6b6       __cfltcvt                  1000b6b6 f   libc:cvt.obj
 0001:0000a72c       _strtol                    1000b72c f   libc:strtol.obj
 0001:0000a960       _strchr                    1000b960 f   libc:strchr.obj
 0001:0000a966       ___from_strstr_to_strchr   1000b966 f   libc:strchr.obj
 0001:0000aa20       _strstr                    1000ba20 f   libc:strstr.obj
 0001:0000aaa0       _strncmp                   1000baa0 f   libc:strncmp.obj
 0001:0000aae0       __alloca_probe             1000bae0 f   libc:chkstk.obj
 0001:0000aae0       __chkstk                   1000bae0 f   libc:chkstk.obj
 0001:0000ab10       _strcpy                    1000bb10 f   libc:strcat.obj
 0001:0000ab20       _strcat                    1000bb20 f   libc:strcat.obj
 0001:0000ac00       _strlen                    1000bc00 f   libc:strlen.obj
 0001:0000ac7b       __setmbcp                  1000bc7b f   libc:mbctype.obj
 0001:0000b03f       ___initmbctable            1000c03f f   libc:mbctype.obj
 0001:0000b060       _memcpy                    1000c060 f   libc:memcpy.obj
 0001:0000b395       ___crtMessageBoxA          1000c395 f   libc:crtmbox.obj
 0001:0000b420       _strncpy                   1000c420 f   libc:strncpy.obj
 0001:0000b51e       __control87                1000c51e f   libc:ieee87.obj
 0001:0000b553       __controlfp                1000c553 f   libc:ieee87.obj
 0001:0000b684       __isctype                  1000c684 f   libc:isctype.obj
 0001:0000b6f9       _tolower                   1000c6f9 f   libc:tolower.obj
 0001:0000b7c4       __ZeroTail                 1000c7c4 f   libc:intrncvt.obj
 0001:0000b80d       __IncMan                   1000c80d f   libc:intrncvt.obj
 0001:0000b863       __RoundMan                 1000c863 f   libc:intrncvt.obj
 0001:0000b8ef       __CopyMan                  1000c8ef f   libc:intrncvt.obj
 0001:0000b90a       __FillZeroMan              1000c90a f   libc:intrncvt.obj
 0001:0000b916       __IsZeroMan                1000c916 f   libc:intrncvt.obj
 0001:0000b931       __ShrMan                   1000c931 f   libc:intrncvt.obj
 0001:0000b9be       __ld12cvt                  1000c9be f   libc:intrncvt.obj
 0001:0000bb2a       __ld12tod                  1000cb2a f   libc:intrncvt.obj
 0001:0000bb40       __ld12tof                  1000cb40 f   libc:intrncvt.obj
 0001:0000bb56       __atodbl                   1000cb56 f   libc:intrncvt.obj
 0001:0000bb83       __atoflt                   1000cb83 f   libc:intrncvt.obj
 0001:0000bbb0       __fptostr                  1000cbb0 f   libc:_fptostr.obj
 0001:0000bc27       __fltout                   1000cc27 f   libc:cfout.obj
 0001:0000bc8b       ___dtold                   1000cc8b f   libc:cfout.obj
 0001:0000bd41       __fptrap                   1000cd41 f   libc:crt0fp.obj
 0001:0000bd4a       _toupper                   1000cd4a f   libc:toupper.obj
 0001:0000be16       ___crtLCMapStringA         1000ce16 f   libc:a_map.obj
 0001:0000c065       ___crtGetStringTypeA       1000d065 f   libc:a_str.obj
 0001:0000c1ae       ___addl                    1000d1ae f   libc:mantold.obj
 0001:0000c1cf       ___add_12                  1000d1cf f   libc:mantold.obj
 0001:0000c22d       ___shl_12                  1000d22d f   libc:mantold.obj
 0001:0000c25b       ___shr_12                  1000d25b f   libc:mantold.obj
 0001:0000c288       ___mtold12                 1000d288 f   libc:mantold.obj
 0001:0000c34f       ___strgtold12              1000d34f f   libc:strgtold.obj
 0001:0000c820       _$I10_OUTPUT               1000d820 f   libc:x10fout.obj
 0001:0000cab4       __global_unwind2           1000dab4 f   libc:exsup.obj
 0001:0000caf6       __local_unwind2            1000daf6 f   libc:exsup.obj
 0001:0000cb4e       __NLG_Return2              1000db4e f   libc:exsup.obj
 0001:0000cb5e       __abnormal_termination     1000db5e f   libc:exsup.obj
 0001:0000cb81       __NLG_Notify1              1000db81 f   libc:exsup.obj
 0001:0000cb8a       __NLG_Notify               1000db8a f   libc:exsup.obj
 0001:0000cb9d       __NLG_Dispatch             1000db9d f   libc:exsup.obj
 0001:0000cbac       __except_handler3          1000dbac f   libc:exsup3.obj
 0001:0000cc69       __seh_longjmp_unwind@4     1000dc69 f   libc:exsup3.obj
 0001:0000cc84       ___ld12mul                 1000dc84 f   libc:tenpow.obj
 0001:0000cea4       ___multtenpow12            1000dea4 f   libc:tenpow.obj
 0001:0000cf20       _RtlUnwind@16              1000df20 f   kernel32:KERNEL32.dll
 0002:00000000       __imp__SetHandleCount@4    1000e000     kernel32:KERNEL32.dll
 0002:00000004       __imp__GetStdHandle@4      1000e004     kernel32:KERNEL32.dll
 0002:00000008       __imp__RtlUnwind@16        1000e008     kernel32:KERNEL32.dll
 0002:0000000c       __imp__GetStringTypeA@20   1000e00c     kernel32:KERNEL32.dll
 0002:00000010       __imp__LCMapStringW@24     1000e010     kernel32:KERNEL32.dll
 0002:00000014       __imp__GetStringTypeW@16   1000e014     kernel32:KERNEL32.dll
 0002:00000018       __imp__MultiByteToWideChar@24 1000e018     kernel32:KERNEL32.dll
 0002:0000001c       __imp__LoadLibraryA@4      1000e01c     kernel32:KERNEL32.dll
 0002:00000020       __imp__OutputDebugStringA@4 1000e020     kernel32:KERNEL32.dll
 0002:00000024       __imp__GetCommandLineA@0   1000e024     kernel32:KERNEL32.dll
 0002:00000028       __imp__GetVersion@0        1000e028     kernel32:KERNEL32.dll
 0002:0000002c       __imp__HeapFree@12         1000e02c     kernel32:KERNEL32.dll
 0002:00000030       __imp__HeapAlloc@12        1000e030     kernel32:KERNEL32.dll
 0002:00000034       __imp__ExitProcess@4       1000e034     kernel32:KERNEL32.dll
 0002:00000038       __imp__TerminateProcess@8  1000e038     kernel32:KERNEL32.dll
 0002:0000003c       __imp__GetCurrentProcess@0 1000e03c     kernel32:KERNEL32.dll
 0002:00000040       __imp__GetModuleHandleA@4  1000e040     kernel32:KERNEL32.dll
 0002:00000044       __imp__GetModuleFileNameA@12 1000e044     kernel32:KERNEL32.dll
 0002:00000048       __imp__GetEnvironmentVariableA@12 1000e048     kernel32:KERNEL32.dll
 0002:0000004c       __imp__GetVersionExA@4     1000e04c     kernel32:KERNEL32.dll
 0002:00000050       __imp__HeapDestroy@4       1000e050     kernel32:KERNEL32.dll
 0002:00000054       __imp__HeapCreate@12       1000e054     kernel32:KERNEL32.dll
 0002:00000058       __imp__VirtualFree@12      1000e058     kernel32:KERNEL32.dll
 0002:0000005c       __imp__GetEnvironmentStringsW@0 1000e05c     kernel32:KERNEL32.dll
 0002:00000060       __imp__LCMapStringA@24     1000e060     kernel32:KERNEL32.dll
 0002:00000064       __imp__GetFileType@4       1000e064     kernel32:KERNEL32.dll
 0002:00000068       __imp__GetStartupInfoA@4   1000e068     kernel32:KERNEL32.dll
 0002:0000006c       __imp__FreeEnvironmentStringsA@4 1000e06c     kernel32:KERNEL32.dll
 0002:00000070       __imp__FreeEnvironmentStringsW@4 1000e070     kernel32:KERNEL32.dll
 0002:00000074       __imp__WideCharToMultiByte@32 1000e074     kernel32:KERNEL32.dll
 0002:00000078       __imp__GetEnvironmentStrings@0 1000e078     kernel32:KERNEL32.dll
 0002:0000007c       __imp__WriteFile@20        1000e07c     kernel32:KERNEL32.dll
 0002:00000080       __imp__VirtualAlloc@16     1000e080     kernel32:KERNEL32.dll
 0002:00000084       __imp__HeapReAlloc@16      1000e084     kernel32:KERNEL32.dll
 0002:00000088       __imp__GetProcAddress@8    1000e088     kernel32:KERNEL32.dll
 0002:0000008c       __imp__GetCPInfo@8         1000e08c     kernel32:KERNEL32.dll
 0002:00000090       __imp__GetACP@0            1000e090     kernel32:KERNEL32.dll
 0002:00000094       __imp__GetOEMCP@0          1000e094     kernel32:KERNEL32.dll
 0002:00000098       \177KERNEL32_NULL_THUNK_DATA 1000e098     kernel32:KERNEL32.dll
 0002:0000009c       __imp__SAL_set_palette_range@16 1000e09c     w32sal:w32sal.dll
 0002:000000a0       __imp__SAL_client_resolution@8 1000e0a0     w32sal:w32sal.dll
 0002:000000a4       __imp__SAL_get_palette_range@12 1000e0a4     w32sal:w32sal.dll
 0002:000000a8       __imp__SAL_unlock_surface@8 1000e0a8     w32sal:w32sal.dll
 0002:000000ac       __imp__SAL_get_palette_entry@8 1000e0ac     w32sal:w32sal.dll
 0002:000000b0       __imp__SAL_set_palette_entry@12 1000e0b0     w32sal:w32sal.dll
 0002:000000b4       __imp__SAL_get_pixel_format@44 1000e0b4     w32sal:w32sal.dll
 0002:000000b8       __imp__SAL_lock_surface@12 1000e0b8     w32sal:w32sal.dll
 0002:000000bc       __imp__SAL_set_display_mode@20 1000e0bc     w32sal:w32sal.dll
 0002:000000c0       \177w32sal_NULL_THUNK_DATA 1000e0c0     w32sal:w32sal.dll
 0002:000000c8       ??_C@_0BH@PHHF@__GLOBAL_HEAP_SELECTED?$AA@ 1000e0c8     libc:heapinit.obj
 0002:000000e0       ??_C@_0BF@BBGL@__MSVCRT_HEAP_SELECT?$AA@ 1000e0e0     libc:heapinit.obj
 0002:000000f8       ??_C@_0P@GGKG@runtime?5error?5?$AA@ 1000e0f8     libc:crt0msg.obj
 0002:00000108       ??_C@_02PIMC@?$AN?6?$AA@   1000e108     libc:crt0msg.obj
 0002:0000010c       ??_C@_0O@DELO@TLOSS?5error?$AN?6?$AA@ 1000e10c     libc:crt0msg.obj
 0002:0000011c       ??_C@_0N@OMLL@SING?5error?$AN?6?$AA@ 1000e11c     libc:crt0msg.obj
 0002:0000012c       ??_C@_0P@OJAK@DOMAIN?5error?$AN?6?$AA@ 1000e12c     libc:crt0msg.obj
 0002:0000013c       ??_C@_0CF@EANP@R6028?$AN?6?9?5unable?5to?5initialize?5he@ 1000e13c     libc:crt0msg.obj
 0002:00000164       ??_C@_0DF@ECGN@R6027?$AN?6?9?5not?5enough?5space?5for?5lo@ 1000e164     libc:crt0msg.obj
 0002:0000019c       ??_C@_0DF@FKAC@R6026?$AN?6?9?5not?5enough?5space?5for?5st@ 1000e19c     libc:crt0msg.obj
 0002:000001d4       ??_C@_0CG@DPMN@R6025?$AN?6?9?5pure?5virtual?5function?5c@ 1000e1d4     libc:crt0msg.obj
 0002:000001fc       ??_C@_0DF@CKIP@R6024?$AN?6?9?5not?5enough?5space?5for?5_o@ 1000e1fc     libc:crt0msg.obj
 0002:00000234       ??_C@_0CJ@GGOE@R6019?$AN?6?9?5unable?5to?5open?5console?5@ 1000e234     libc:crt0msg.obj
 0002:00000260       ??_C@_0CB@LBOB@R6018?$AN?6?9?5unexpected?5heap?5error?$AN?6@ 1000e260     libc:crt0msg.obj
 0002:00000284       ??_C@_0CN@FPEG@R6017?$AN?6?9?5unexpected?5multithread?5@ 1000e284     libc:crt0msg.obj
 0002:000002b4       ??_C@_0CM@OBIC@R6016?$AN?6?9?5not?5enough?5space?5for?5th@ 1000e2b4     libc:crt0msg.obj
 0002:000002e0       ??_C@_0CB@HPAL@?$AN?6abnormal?5program?5termination?$AN?6@ 1000e2e0     libc:crt0msg.obj
 0002:00000304       ??_C@_0CM@JOOB@R6009?$AN?6?9?5not?5enough?5space?5for?5en@ 1000e304     libc:crt0msg.obj
 0002:00000330       ??_C@_0CK@OIBL@R6008?$AN?6?9?5not?5enough?5space?5for?5ar@ 1000e330     libc:crt0msg.obj
 0002:0000035c       ??_C@_0CF@LKPB@R6002?$AN?6?9?5floating?5point?5not?5load@ 1000e35c     libc:crt0msg.obj
 0002:00000384       ??_C@_0CF@JPDF@Microsoft?5Visual?5C?$CL?$CL?5Runtime?5Lib@ 1000e384     libc:crt0msg.obj
 0002:000003ac       ??_C@_02JJJH@?6?6?$AA@     1000e3ac     libc:crt0msg.obj
 0002:000003b0       ??_C@_0BK@DEOK@Runtime?5Error?$CB?6?6Program?3?5?$AA@ 1000e3b0     libc:crt0msg.obj
 0002:000003cc       ??_C@_03NAME@?4?4?4?$AA@   1000e3cc     libc:crt0msg.obj
 0002:000003d0       ??_C@_0BH@NNCD@?$DMprogram?5name?5unknown?$DO?$AA@ 1000e3d0     libc:crt0msg.obj
 0002:000003e8       __real@8@3fff8000000000000000 1000e3e8     libc:testfdiv.obj
 0002:000003f0       __real@8@4015800bf60000000000 1000e3f0     libc:testfdiv.obj
 0002:000003f8       __real@8@4014bffffc0000000000 1000e3f8     libc:testfdiv.obj
 0002:00000400       ??_C@_0BK@JEGK@IsProcessorFeaturePresent?$AA@ 1000e400     libc:testfdiv.obj
 0002:0000041c       ??_C@_08OBID@KERNEL32?$AA@ 1000e41c     libc:testfdiv.obj
 0002:00000428       __real@8@00000000000000000000 1000e428     libc:cvt.obj
 0002:00000430       ??_C@_05OFLO@e?$CL000?$AA@ 1000e430     libc:cvt.obj
 0002:00000438       ??_C@_0BD@NJFP@GetLastActivePopup?$AA@ 1000e438     libc:crtmbox.obj
 0002:0000044c       ??_C@_0BA@GILI@GetActiveWindow?$AA@ 1000e44c     libc:crtmbox.obj
 0002:0000045c       ??_C@_0M@PKCK@MessageBoxA?$AA@ 1000e45c     libc:crtmbox.obj
 0002:00000468       ??_C@_0L@HKL@user32?4dll?$AA@ 1000e468     libc:crtmbox.obj
 0002:00000474       ??_C@_01A@?$AA?$AA@        1000e474     libc:a_map.obj
 0002:00000478       ??_C@_13A@?$AA?$AA?$AA?$AA@ 1000e478     libc:a_map.obj
 0002:000004a4       ??_C@_06PAPI@1?$CDQNAN?$AA@ 1000e4a4     libc:x10fout.obj
 0002:000004ac       ??_C@_05BGNL@1?$CDINF?$AA@ 1000e4ac     libc:x10fout.obj
 0002:000004b4       ??_C@_05EDPF@1?$CDIND?$AA@ 1000e4b4     libc:x10fout.obj
 0002:000004bc       ??_C@_06LKFM@1?$CDSNAN?$AA@ 1000e4bc     libc:x10fout.obj
 0002:000004c4       __IMPORT_DESCRIPTOR_w32sal 1000e4c4     w32sal:w32sal.dll
 0002:000004d8       __IMPORT_DESCRIPTOR_KERNEL32 1000e4d8     kernel32:KERNEL32.dll
 0002:000004ec       __NULL_IMPORT_DESCRIPTOR   1000e4ec     w32sal:w32sal.dll
 0003:00000000       ___xc_a                    10010000     libc:crt0init.obj
 0003:00000004       ___xc_z                    10010004     libc:crt0init.obj
 0003:00000008       ___xi_a                    10010008     libc:crt0init.obj
 0003:00000010       ___xi_z                    10010010     libc:crt0init.obj
 0003:00000014       ___xp_a                    10010014     libc:crt0init.obj
 0003:00000018       ___xp_z                    10010018     libc:crt0init.obj
 0003:0000001c       ___xt_a                    1001001c     libc:crt0init.obj
 0003:00000020       ___xt_z                    10010020     libc:crt0init.obj
 0003:00000030       ?default_system_font@@3PAEA 10010030     winvfxhc.obj
 0003:0001986c       __aexit_rtn                1002986c     libc:dllcrt0.obj
 0003:00019870       __fltused                  10029870     libc:fpinit.obj
 0003:00019874       __ldused                   10029874     libc:fpinit.obj
 0003:00019878       __FPinit                   10029878     libc:fpinit.obj
 0003:0001987c       __FPmtinit                 1002987c     libc:fpinit.obj
 0003:00019880       __FPmtterm                 10029880     libc:fpinit.obj
 0003:00019884       __amblksiz                 10029884     libc:heapinit.obj
 0003:00019888       ___badioinfo               10029888     libc:ioinit.obj
 0003:00019920       ___old_small_block_heap    10029920     libc:sbheap.obj
 0003:0001b944       ___old_sbh_threshold       1002b944     libc:sbheap.obj
 0003:0001b950       __cfltcvt_tab              1002b950     libc:cmiscdat.obj
 0003:0001ba70       ___mb_cur_max              1002ba70     libc:nlsdata1.obj
 0003:0001ba74       ___decimal_point           1002ba74     libc:nlsdata1.obj
 0003:0001ba78       ___decimal_point_length    1002ba78     libc:nlsdata1.obj
 0003:0001ba7c       __pctype                   1002ba7c     libc:ctype.obj
 0003:0001ba80       __pwctype                  1002ba80     libc:ctype.obj
 0003:0001ba84       __ctype                    1002ba84     libc:ctype.obj
 0003:0001bcb8       __XcptActTab               1002bcb8     libc:winxfltr.obj
 0003:0001bd30       __First_FPE_Indx           1002bd30     libc:winxfltr.obj
 0003:0001bd34       __Num_FPE                  1002bd34     libc:winxfltr.obj
 0003:0001bd38       __XcptActTabCount          1002bd38     libc:winxfltr.obj
 0003:0001bd3c       __fpecode                  1002bd3c     libc:winxfltr.obj
 0003:0001bd40       __NLG_Destination          1002bd40     libc:exsup.obj
 0003:0001bd50       __pow10pos                 1002bd50     libc:constpow.obj
 0003:0001beb0       __pow10neg                 1002beb0     libc:constpow.obj
 0003:0001c024       ?hDLLInstance@@3PAUHINSTANCE__@@A 1002c024     winvfxhc.obj
 0003:0001c040       _global_palette            1002c040     winvfxhc.obj
 0003:0001c450       ?colors@@3PAY0BAA@GA       1002c450     winvfxhc.obj
 0003:0001cc58       _global_LUT15              1002cc58     winvfxhc.obj
 0003:0001cc60       __aenvptr                  1002cc60     libc:dllcrt0.obj
 0003:0001cc64       __wenvptr                  1002cc64     libc:dllcrt0.obj
 0003:0001cc68       ___error_mode              1002cc68     libc:dllcrt0.obj
 0003:0001cc6c       ___app_type                1002cc6c     libc:dllcrt0.obj
 0003:0001cc70       ___fastflag                1002cc70     libc:fpinit.obj
 0003:0001cc74       __adjust_fdiv              1002cc74     libc:fpinit.obj
 0003:0001cc78       _errno                     1002cc78     libc:crt0dat.obj
 0003:0001cc7c       __doserrno                 1002cc7c     libc:crt0dat.obj
 0003:0001cc80       __umaskval                 1002cc80     libc:crt0dat.obj
 0003:0001cc84       __osver                    1002cc84     libc:crt0dat.obj
 0003:0001cc88       __winver                   1002cc88     libc:crt0dat.obj
 0003:0001cc8c       __winmajor                 1002cc8c     libc:crt0dat.obj
 0003:0001cc90       __winminor                 1002cc90     libc:crt0dat.obj
 0003:0001cc94       ___argc                    1002cc94     libc:crt0dat.obj
 0003:0001cc98       ___argv                    1002cc98     libc:crt0dat.obj
 0003:0001cc9c       ___wargv                   1002cc9c     libc:crt0dat.obj
 0003:0001cca0       __environ                  1002cca0     libc:crt0dat.obj
 0003:0001cca4       ___initenv                 1002cca4     libc:crt0dat.obj
 0003:0001cca8       __wenviron                 1002cca8     libc:crt0dat.obj
 0003:0001ccac       ___winitenv                1002ccac     libc:crt0dat.obj
 0003:0001ccb0       __pgmptr                   1002ccb0     libc:crt0dat.obj
 0003:0001ccb4       __wpgmptr                  1002ccb4     libc:crt0dat.obj
 0003:0001ccb8       __exitflag                 1002ccb8     libc:crt0dat.obj
 0003:0001ccbc       __C_Termination_Done       1002ccbc     libc:crt0dat.obj
 0003:0001ccc0       __C_Exit_Done              1002ccc0     libc:crt0dat.obj
 0003:0001cdcc       __adbgmsg                  1002cdcc     libc:crt0msg.obj
 0003:0001cdd4       __newmode                  1002cdd4     libc:_newmode.obj
 0003:0001cdd8       ?_pnhHeap@@3P6AHI@ZA       1002cdd8     libc:handler.obj
 0003:0001ce30       ___lc_handle               1002ce30     libc:nlsdata2.obj
 0003:0001ce48       ___lc_codepage             1002ce48     libc:nlsdata2.obj
 0003:0001ce4c       ___lc_collate_cp           1002ce4c     libc:nlsdata2.obj
 0003:0001ce58       __pxcptinfoptrs            1002ce58     libc:winxfltr.obj
 0003:0001ce5c       ___mbcodepage              1002ce5c     <common>
 0003:0001ce60       ___mbulinfo                1002ce60     <common>
 0003:0001ce6c       ___ismbcodepage            1002ce6c     <common>
 0003:0001ce80       __mbcasemap                1002ce80     <common>
 0003:0001cf80       __mbctype                  1002cf80     <common>
 0003:0001d084       ___mblcid                  1002d084     <common>
 0003:0001d088       ___sbh_sizeHeaderList      1002d088     <common>
 0003:0001d08c       ___sbh_indGroupDefer       1002d08c     <common>
 0003:0001d090       ___sbh_pHeaderScan         1002d090     <common>
 0003:0001d094       ___sbh_pHeaderDefer        1002d094     <common>
 0003:0001d098       ___sbh_cntHeaderList       1002d098     <common>
 0003:0001d09c       ___sbh_pHeaderList         1002d09c     <common>
 0003:0001d0a0       ___sbh_threshold           1002d0a0     <common>
 0003:0001d0c0       ___pioinfo                 1002d0c0     <common>
 0003:0001d1c0       __nhandle                  1002d1c0     <common>
 0003:0001d1c4       __crtheap                  1002d1c4     <common>
 0003:0001d1c8       ___active_heap             1002d1c8     <common>
 0003:0001d1cc       ___env_initialized         1002d1cc     <common>
 0003:0001d1d0       ___mbctype_initialized     1002d1d0     <common>
 0003:0001d1d4       ___onexitend               1002d1d4     <common>
 0003:0001d1d8       ___onexitbegin             1002d1d8     <common>
 0003:0001d1dc       __acmdln                   1002d1dc     <common>
 0003:0001d1e0       __pRawDllMain              1002d1e0     <common>

 entry point at        0001:0000824c

 Static symbols

 0001:00000a80       ?a_contained_by_b@@YAKPAU_pane@@0@Z 10001a80 f   winvfxhc.obj
 0001:0000cacc       _gu_return                 1000dacc f   libc:exsup.obj
 0001:0000cad4       __unwind_handler           1000dad4 f   libc:exsup.obj
 0001:0000c03a       _strncnt                   1000d03a f   libc:a_map.obj
 0001:0000b569       __abstract_cw              1000c569 f   libc:ieee87.obj
 0001:0000b5fb       __hw_cw                    1000c5fb f   libc:ieee87.obj
 0001:0000b0d0       LeadUp1                    1000c0d0 f   libc:memcpy.obj
 0001:0000b0fc       LeadUp2                    1000c0fc f   libc:memcpy.obj
 0001:0000b120       LeadUp3                    1000c120 f   libc:memcpy.obj
 0001:0000b19f       UnwindUp0                  1000c19f f   libc:memcpy.obj
 0001:0000b18c       UnwindUp1                  1000c18c f   libc:memcpy.obj
 0001:0000b184       UnwindUp2                  1000c184 f   libc:memcpy.obj
 0001:0000b17c       UnwindUp3                  1000c17c f   libc:memcpy.obj
 0001:0000b174       UnwindUp4                  1000c174 f   libc:memcpy.obj
 0001:0000b16c       UnwindUp5                  1000c16c f   libc:memcpy.obj
 0001:0000b164       UnwindUp6                  1000c164 f   libc:memcpy.obj
 0001:0000b15c       UnwindUp7                  1000c15c f   libc:memcpy.obj
 0001:0000b1b8       TrailUp0                   1000c1b8 f   libc:memcpy.obj
 0001:0000b1c0       TrailUp1                   1000c1c0 f   libc:memcpy.obj
 0001:0000b1cc       TrailUp2                   1000c1cc f   libc:memcpy.obj
 0001:0000b1e0       TrailUp3                   1000c1e0 f   libc:memcpy.obj
 0001:0000b258       LeadDown1                  1000c258 f   libc:memcpy.obj
 0001:0000b278       LeadDown2                  1000c278 f   libc:memcpy.obj
 0001:0000b2a0       LeadDown3                  1000c2a0 f   libc:memcpy.obj
 0001:0000b2f4       UnwindDown7                1000c2f4 f   libc:memcpy.obj
 0001:0000b2fc       UnwindDown6                1000c2fc f   libc:memcpy.obj
 0001:0000b304       UnwindDown5                1000c304 f   libc:memcpy.obj
 0001:0000b30c       UnwindDown4                1000c30c f   libc:memcpy.obj
 0001:0000b314       UnwindDown3                1000c314 f   libc:memcpy.obj
 0001:0000b31c       UnwindDown2                1000c31c f   libc:memcpy.obj
 0001:0000b324       UnwindDown1                1000c324 f   libc:memcpy.obj
 0001:0000b337       UnwindDown0                1000c337 f   libc:memcpy.obj
 0001:0000b350       TrailDown0                 1000c350 f   libc:memcpy.obj
 0001:0000b358       TrailDown1                 1000c358 f   libc:memcpy.obj
 0001:0000b368       TrailDown2                 1000c368 f   libc:memcpy.obj
 0001:0000b37c       TrailDown3                 1000c37c f   libc:memcpy.obj
 0001:0000ae14       _getSystemCP               1000be14 f   libc:mbctype.obj
 0001:0000ae5e       _CPtoLCID                  1000be5e f   libc:mbctype.obj
 0001:0000ae91       _setSBCS                   1000be91 f   libc:mbctype.obj
 0001:0000aeba       _setSBUpLow                1000beba f   libc:mbctype.obj
 0001:0000a743       _strtoxl                   1000b743 f   libc:strtol.obj
 0001:0000a66c       __cftoe_g                  1000b66c f   libc:cvt.obj
 0001:0000a693       __cftof_g                  1000b693 f   libc:cvt.obj
 0001:0000a707       __shift                    1000b707 f   libc:cvt.obj
 0001:00008f0f       _parse_cmdline             10009f0f f   libc:stdargv.obj
 0001:000088c2       _doexit                    100098c2 f   libc:crt0dat.obj
 0001:0000895b       __initterm                 1000995b f   libc:crt0dat.obj
 0001:00008560       LeadUp1                    10009560 f   libc:memmove.obj
 0001:0000858c       LeadUp2                    1000958c f   libc:memmove.obj
 0001:000085b0       LeadUp3                    100095b0 f   libc:memmove.obj
 0001:0000862f       UnwindUp0                  1000962f f   libc:memmove.obj
 0001:0000861c       UnwindUp1                  1000961c f   libc:memmove.obj
 0001:00008614       UnwindUp2                  10009614 f   libc:memmove.obj
 0001:0000860c       UnwindUp3                  1000960c f   libc:memmove.obj
 0001:00008604       UnwindUp4                  10009604 f   libc:memmove.obj
 0001:000085fc       UnwindUp5                  100095fc f   libc:memmove.obj
 0001:000085f4       UnwindUp6                  100095f4 f   libc:memmove.obj
 0001:000085ec       UnwindUp7                  100095ec f   libc:memmove.obj
 0001:00008648       TrailUp0                   10009648 f   libc:memmove.obj
 0001:00008650       TrailUp1                   10009650 f   libc:memmove.obj
 0001:0000865c       TrailUp2                   1000965c f   libc:memmove.obj
 0001:00008670       TrailUp3                   10009670 f   libc:memmove.obj
 0001:000086e8       LeadDown1                  100096e8 f   libc:memmove.obj
 0001:00008708       LeadDown2                  10009708 f   libc:memmove.obj
 0001:00008730       LeadDown3                  10009730 f   libc:memmove.obj
 0001:00008784       UnwindDown7                10009784 f   libc:memmove.obj
 0001:0000878c       UnwindDown6                1000978c f   libc:memmove.obj
 0001:00008794       UnwindDown5                10009794 f   libc:memmove.obj
 0001:0000879c       UnwindDown4                1000979c f   libc:memmove.obj
 0001:000087a4       UnwindDown3                100097a4 f   libc:memmove.obj
 0001:000087ac       UnwindDown2                100097ac f   libc:memmove.obj
 0001:000087b4       UnwindDown1                100097b4 f   libc:memmove.obj
 0001:000087c7       UnwindDown0                100097c7 f   libc:memmove.obj
 0001:000087e0       TrailDown0                 100097e0 f   libc:memmove.obj
 0001:000087e8       TrailDown1                 100097e8 f   libc:memmove.obj
 0001:000087f8       TrailDown2                 100097f8 f   libc:memmove.obj
 0001:0000880c       TrailDown3                 1000980c f   libc:memmove.obj
